// Jest Snapshot v1, https://goo.gl/fbAQLP

exports[`colorsPlugin should create data with custom keyName function 1`] = `"module.exports = {"colorful/text/txt900__extra":"#00ffff","dark/text/txt700__extra":"#00ff00","dark/text/txt900__extra":"#000000","light/text/txt900__extra":"#ffffff","monochrome/text/txt900__extra":"#ff00ff","text/txt800__extra":"#3fc3fc3fc","text/txt900__extra":"#2a3fff"};"`;

exports[`colorsPlugin should write generated date for default config 1`] = `"module.exports = {"colorful/text/txt900":"#00ffff","dark/text/txt700":"#00ff00","dark/text/txt900":"#000000","light/text/txt900":"#ffffff","monochrome/text/txt900":"#ff00ff","text/txt800":"#3fc3fc3fc","text/txt900":"#2a3fff"};"`;
